15:24:57 **** Incremental Build of configuration Debug for project 000TestProject ****
make -j8 all 
arm-none-eabi-gcc -mcpu=cortex-m7 -g3 -c -x assembler-with-cpp -MMD -MP -MF"Startup/startup_stm32f767zitx.d" -MT"Startup/startup_stm32f767zitx.o" --specs=nano.specs -mfloat-abi=soft -mthumb -o "Startup/startup_stm32f767zitx.o" "../Startup/startup_stm32f767zitx.s"
arm-none-eabi-gcc "../Src/main.c" -mcpu=cortex-m7 -std=gnu11 -g3 -DDEBUG -DSTM32 -DNUCLEO_F767ZI -DSTM32F7 -DSTM32F767ZITx -c -I../Inc -O0 -ffunction-sections -fdata-sections -Wall -fstack-usage -MMD -MP -MF"Src/main.d" -MT"Src/main.o" --specs=nano.specs -mfloat-abi=soft -mthumb -o "Src/main.o"
arm-none-eabi-gcc "../Src/syscalls.c" -mcpu=cortex-m7 -std=gnu11 -g3 -DDEBUG -DSTM32 -DNUCLEO_F767ZI -DSTM32F7 -DSTM32F767ZITx -c -I../Inc -O0 -ffunction-sections -fdata-sections -Wall -fstack-usage -MMD -MP -MF"Src/syscalls.d" -MT"Src/syscalls.o" --specs=nano.specs -mfloat-abi=soft -mthumb -o "Src/syscalls.o"
arm-none-eabi-gcc "../Src/sysmem.c" -mcpu=cortex-m7 -std=gnu11 -g3 -DDEBUG -DSTM32 -DNUCLEO_F767ZI -DSTM32F7 -DSTM32F767ZITx -c -I../Inc -O0 -ffunction-sections -fdata-sections -Wall -fstack-usage -MMD -MP -MF"Src/sysmem.d" -MT"Src/sysmem.o" --specs=nano.specs -mfloat-abi=soft -mthumb -o "Src/sysmem.o"
arm-none-eabi-gcc -o "000TestProject.elf" @"objects.list"   -mcpu=cortex-m7 -T"C:\GIT\Embedded\My_Workspace\target\000TestProject\STM32F767ZITX_FLASH.ld" --specs=nosys.specs -Wl,-Map="000TestProject.map" -Wl,--gc-sections -static --specs=nano.specs -mfloat-abi=soft -mthumb -Wl,--start-group -lc -lm -Wl,--end-group
Finished building target: 000TestProject.elf
 
arm-none-eabi-objdump -h -S  000TestProject.elf  > "000TestProject.list"
arm-none-eabi-objcopy  -O binary  000TestProject.elf  "000TestProject.bin"
arm-none-eabi-size   000TestProject.elf 
   text	   data	    bss	    dec	    hex	filename
    756	      8	   1568	   2332	    91c	000TestProject.elf
Finished building: default.size.stdout
 
Finished building: 000TestProject.bin
Finished building: 000TestProject.list
 
 

15:24:59 Build Finished. 0 errors, 0 warnings. (took 1s.412ms)

